running develop
running egg_info
creating four_drive_mecanum_robot_description.egg-info
writing four_drive_mecanum_robot_description.egg-info/PKG-INFO
writing dependency_links to four_drive_mecanum_robot_description.egg-info/dependency_links.txt
writing entry points to four_drive_mecanum_robot_description.egg-info/entry_points.txt
writing requirements to four_drive_mecanum_robot_description.egg-info/requires.txt
writing top-level names to four_drive_mecanum_robot_description.egg-info/top_level.txt
writing manifest file 'four_drive_mecanum_robot_description.egg-info/SOURCES.txt'
reading manifest file 'four_drive_mecanum_robot_description.egg-info/SOURCES.txt'
writing manifest file 'four_drive_mecanum_robot_description.egg-info/SOURCES.txt'
running build_ext
Creating /home/don/four_drive_mecanum_robot/install/four_drive_mecanum_robot_description/lib/python3.10/site-packages/four-drive-mecanum-robot-description.egg-link (link to .)

Installed /home/don/four_drive_mecanum_robot/build/four_drive_mecanum_robot_description
running symlink_data
creating /home/don/four_drive_mecanum_robot/install/four_drive_mecanum_robot_description/share/ament_index
creating /home/don/four_drive_mecanum_robot/install/four_drive_mecanum_robot_description/share/ament_index/resource_index
creating /home/don/four_drive_mecanum_robot/install/four_drive_mecanum_robot_description/share/ament_index/resource_index/packages
symbolically linking /home/don/four_drive_mecanum_robot/build/four_drive_mecanum_robot_description/resource/four_drive_mecanum_robot_description -> /home/don/four_drive_mecanum_robot/install/four_drive_mecanum_robot_description/share/ament_index/resource_index/packages
symbolically linking /home/don/four_drive_mecanum_robot/build/four_drive_mecanum_robot_description/package.xml -> /home/don/four_drive_mecanum_robot/install/four_drive_mecanum_robot_description/share/four_drive_mecanum_robot_description
creating /home/don/four_drive_mecanum_robot/install/four_drive_mecanum_robot_description/share/four_drive_mecanum_robot_description/launch
symbolically linking /home/don/four_drive_mecanum_robot/build/four_drive_mecanum_robot_description/launch/display.launch.py -> /home/don/four_drive_mecanum_robot/install/four_drive_mecanum_robot_description/share/four_drive_mecanum_robot_description/launch
symbolically linking /home/don/four_drive_mecanum_robot/build/four_drive_mecanum_robot_description/launch/gazebo.launch.py -> /home/don/four_drive_mecanum_robot/install/four_drive_mecanum_robot_description/share/four_drive_mecanum_robot_description/launch
symbolically linking /home/don/four_drive_mecanum_robot/build/four_drive_mecanum_robot_description/launch/bot.launch.py -> /home/don/four_drive_mecanum_robot/install/four_drive_mecanum_robot_description/share/four_drive_mecanum_robot_description/launch
creating /home/don/four_drive_mecanum_robot/install/four_drive_mecanum_robot_description/share/four_drive_mecanum_robot_description/urdf
symbolically linking /home/don/four_drive_mecanum_robot/build/four_drive_mecanum_robot_description/urdf/materials.xacro -> /home/don/four_drive_mecanum_robot/install/four_drive_mecanum_robot_description/share/four_drive_mecanum_robot_description/urdf
symbolically linking /home/don/four_drive_mecanum_robot/build/four_drive_mecanum_robot_description/urdf/four_drive_mecanum_robot.xacro -> /home/don/four_drive_mecanum_robot/install/four_drive_mecanum_robot_description/share/four_drive_mecanum_robot_description/urdf
symbolically linking /home/don/four_drive_mecanum_robot/build/four_drive_mecanum_robot_description/urdf/four_drive_mecanum_robot.gazebo -> /home/don/four_drive_mecanum_robot/install/four_drive_mecanum_robot_description/share/four_drive_mecanum_robot_description/urdf
creating /home/don/four_drive_mecanum_robot/install/four_drive_mecanum_robot_description/share/four_drive_mecanum_robot_description/meshes
symbolically linking /home/don/four_drive_mecanum_robot/build/four_drive_mecanum_robot_description/meshes/rear_left_wheel_1.stl -> /home/don/four_drive_mecanum_robot/install/four_drive_mecanum_robot_description/share/four_drive_mecanum_robot_description/meshes
symbolically linking /home/don/four_drive_mecanum_robot/build/four_drive_mecanum_robot_description/meshes/rear_right_wheel_1.stl -> /home/don/four_drive_mecanum_robot/install/four_drive_mecanum_robot_description/share/four_drive_mecanum_robot_description/meshes
symbolically linking /home/don/four_drive_mecanum_robot/build/four_drive_mecanum_robot_description/meshes/camera_link_1.stl -> /home/don/four_drive_mecanum_robot/install/four_drive_mecanum_robot_description/share/four_drive_mecanum_robot_description/meshes
symbolically linking /home/don/four_drive_mecanum_robot/build/four_drive_mecanum_robot_description/meshes/front_right_wheel_1.stl -> /home/don/four_drive_mecanum_robot/install/four_drive_mecanum_robot_description/share/four_drive_mecanum_robot_description/meshes
symbolically linking /home/don/four_drive_mecanum_robot/build/four_drive_mecanum_robot_description/meshes/base_link.stl -> /home/don/four_drive_mecanum_robot/install/four_drive_mecanum_robot_description/share/four_drive_mecanum_robot_description/meshes
symbolically linking /home/don/four_drive_mecanum_robot/build/four_drive_mecanum_robot_description/meshes/front_left_wheel_1.stl -> /home/don/four_drive_mecanum_robot/install/four_drive_mecanum_robot_description/share/four_drive_mecanum_robot_description/meshes
symbolically linking /home/don/four_drive_mecanum_robot/build/four_drive_mecanum_robot_description/meshes/lidar_1.stl -> /home/don/four_drive_mecanum_robot/install/four_drive_mecanum_robot_description/share/four_drive_mecanum_robot_description/meshes
creating /home/don/four_drive_mecanum_robot/install/four_drive_mecanum_robot_description/share/four_drive_mecanum_robot_description/config
symbolically linking /home/don/four_drive_mecanum_robot/build/four_drive_mecanum_robot_description/config/display.rviz -> /home/don/four_drive_mecanum_robot/install/four_drive_mecanum_robot_description/share/four_drive_mecanum_robot_description/config
