[0.506s] Invoking command in '/home/don/four_drive_mecanum_robot/build/four_drive_mecanum_robot_description': PYTHONPATH=/home/don/four_drive_mecanum_robot/build/four_drive_mecanum_robot_description/prefix_override:/usr/lib/python3/dist-packages/colcon_core/task/python/colcon_distutils_commands:/home/don/four_drive_mecanum_robot/install/four_drive_mecanum_robot_description/lib/python3.10/site-packages:${PYTHONPATH} /usr/bin/python3 -W ignore:setup.py install is deprecated -W ignore:easy_install command is deprecated setup.py develop --editable --build-directory /home/don/four_drive_mecanum_robot/build/four_drive_mecanum_robot_description/build --no-deps symlink_data
[0.720s] running develop
[0.877s] running egg_info
[0.877s] creating four_drive_mecanum_robot_description.egg-info
[0.877s] writing four_drive_mecanum_robot_description.egg-info/PKG-INFO
[0.877s] writing dependency_links to four_drive_mecanum_robot_description.egg-info/dependency_links.txt
[0.877s] writing entry points to four_drive_mecanum_robot_description.egg-info/entry_points.txt
[0.877s] writing requirements to four_drive_mecanum_robot_description.egg-info/requires.txt
[0.878s] writing top-level names to four_drive_mecanum_robot_description.egg-info/top_level.txt
[0.878s] writing manifest file 'four_drive_mecanum_robot_description.egg-info/SOURCES.txt'
[0.878s] reading manifest file 'four_drive_mecanum_robot_description.egg-info/SOURCES.txt'
[0.879s] writing manifest file 'four_drive_mecanum_robot_description.egg-info/SOURCES.txt'
[0.880s] running build_ext
[0.880s] Creating /home/don/four_drive_mecanum_robot/install/four_drive_mecanum_robot_description/lib/python3.10/site-packages/four-drive-mecanum-robot-description.egg-link (link to .)
[0.881s] 
[0.881s] Installed /home/don/four_drive_mecanum_robot/build/four_drive_mecanum_robot_description
[0.881s] running symlink_data
[0.881s] creating /home/don/four_drive_mecanum_robot/install/four_drive_mecanum_robot_description/share/ament_index
[0.881s] creating /home/don/four_drive_mecanum_robot/install/four_drive_mecanum_robot_description/share/ament_index/resource_index
[0.881s] creating /home/don/four_drive_mecanum_robot/install/four_drive_mecanum_robot_description/share/ament_index/resource_index/packages
[0.881s] symbolically linking /home/don/four_drive_mecanum_robot/build/four_drive_mecanum_robot_description/resource/four_drive_mecanum_robot_description -> /home/don/four_drive_mecanum_robot/install/four_drive_mecanum_robot_description/share/ament_index/resource_index/packages
[0.881s] symbolically linking /home/don/four_drive_mecanum_robot/build/four_drive_mecanum_robot_description/package.xml -> /home/don/four_drive_mecanum_robot/install/four_drive_mecanum_robot_description/share/four_drive_mecanum_robot_description
[0.881s] creating /home/don/four_drive_mecanum_robot/install/four_drive_mecanum_robot_description/share/four_drive_mecanum_robot_description/launch
[0.882s] symbolically linking /home/don/four_drive_mecanum_robot/build/four_drive_mecanum_robot_description/launch/display.launch.py -> /home/don/four_drive_mecanum_robot/install/four_drive_mecanum_robot_description/share/four_drive_mecanum_robot_description/launch
[0.882s] symbolically linking /home/don/four_drive_mecanum_robot/build/four_drive_mecanum_robot_description/launch/gazebo.launch.py -> /home/don/four_drive_mecanum_robot/install/four_drive_mecanum_robot_description/share/four_drive_mecanum_robot_description/launch
[0.882s] symbolically linking /home/don/four_drive_mecanum_robot/build/four_drive_mecanum_robot_description/launch/bot.launch.py -> /home/don/four_drive_mecanum_robot/install/four_drive_mecanum_robot_description/share/four_drive_mecanum_robot_description/launch
[0.882s] creating /home/don/four_drive_mecanum_robot/install/four_drive_mecanum_robot_description/share/four_drive_mecanum_robot_description/urdf
[0.882s] symbolically linking /home/don/four_drive_mecanum_robot/build/four_drive_mecanum_robot_description/urdf/materials.xacro -> /home/don/four_drive_mecanum_robot/install/four_drive_mecanum_robot_description/share/four_drive_mecanum_robot_description/urdf
[0.882s] symbolically linking /home/don/four_drive_mecanum_robot/build/four_drive_mecanum_robot_description/urdf/four_drive_mecanum_robot.xacro -> /home/don/four_drive_mecanum_robot/install/four_drive_mecanum_robot_description/share/four_drive_mecanum_robot_description/urdf
[0.882s] symbolically linking /home/don/four_drive_mecanum_robot/build/four_drive_mecanum_robot_description/urdf/four_drive_mecanum_robot.gazebo -> /home/don/four_drive_mecanum_robot/install/four_drive_mecanum_robot_description/share/four_drive_mecanum_robot_description/urdf
[0.882s] creating /home/don/four_drive_mecanum_robot/install/four_drive_mecanum_robot_description/share/four_drive_mecanum_robot_description/meshes
[0.882s] symbolically linking /home/don/four_drive_mecanum_robot/build/four_drive_mecanum_robot_description/meshes/rear_left_wheel_1.stl -> /home/don/four_drive_mecanum_robot/install/four_drive_mecanum_robot_description/share/four_drive_mecanum_robot_description/meshes
[0.882s] symbolically linking /home/don/four_drive_mecanum_robot/build/four_drive_mecanum_robot_description/meshes/rear_right_wheel_1.stl -> /home/don/four_drive_mecanum_robot/install/four_drive_mecanum_robot_description/share/four_drive_mecanum_robot_description/meshes
[0.882s] symbolically linking /home/don/four_drive_mecanum_robot/build/four_drive_mecanum_robot_description/meshes/camera_link_1.stl -> /home/don/four_drive_mecanum_robot/install/four_drive_mecanum_robot_description/share/four_drive_mecanum_robot_description/meshes
[0.882s] symbolically linking /home/don/four_drive_mecanum_robot/build/four_drive_mecanum_robot_description/meshes/front_right_wheel_1.stl -> /home/don/four_drive_mecanum_robot/install/four_drive_mecanum_robot_description/share/four_drive_mecanum_robot_description/meshes
[0.882s] symbolically linking /home/don/four_drive_mecanum_robot/build/four_drive_mecanum_robot_description/meshes/base_link.stl -> /home/don/four_drive_mecanum_robot/install/four_drive_mecanum_robot_description/share/four_drive_mecanum_robot_description/meshes
[0.883s] symbolically linking /home/don/four_drive_mecanum_robot/build/four_drive_mecanum_robot_description/meshes/front_left_wheel_1.stl -> /home/don/four_drive_mecanum_robot/install/four_drive_mecanum_robot_description/share/four_drive_mecanum_robot_description/meshes
[0.883s] symbolically linking /home/don/four_drive_mecanum_robot/build/four_drive_mecanum_robot_description/meshes/lidar_1.stl -> /home/don/four_drive_mecanum_robot/install/four_drive_mecanum_robot_description/share/four_drive_mecanum_robot_description/meshes
[0.883s] creating /home/don/four_drive_mecanum_robot/install/four_drive_mecanum_robot_description/share/four_drive_mecanum_robot_description/config
[0.883s] symbolically linking /home/don/four_drive_mecanum_robot/build/four_drive_mecanum_robot_description/config/display.rviz -> /home/don/four_drive_mecanum_robot/install/four_drive_mecanum_robot_description/share/four_drive_mecanum_robot_description/config
[0.909s] Invoked command in '/home/don/four_drive_mecanum_robot/build/four_drive_mecanum_robot_description' returned '0': PYTHONPATH=/home/don/four_drive_mecanum_robot/build/four_drive_mecanum_robot_description/prefix_override:/usr/lib/python3/dist-packages/colcon_core/task/python/colcon_distutils_commands:/home/don/four_drive_mecanum_robot/install/four_drive_mecanum_robot_description/lib/python3.10/site-packages:${PYTHONPATH} /usr/bin/python3 -W ignore:setup.py install is deprecated -W ignore:easy_install command is deprecated setup.py develop --editable --build-directory /home/don/four_drive_mecanum_robot/build/four_drive_mecanum_robot_description/build --no-deps symlink_data
