[0.572s] Invoking command in '/home/don/four_drive_mecanum_robot/build/four_drive_mecanum_robot_description': PYTHONPATH=/home/don/four_drive_mecanum_robot/build/four_drive_mecanum_robot_description/prefix_override:/usr/lib/python3/dist-packages/colcon_core/task/python/colcon_distutils_commands:/home/don/four_drive_mecanum_robot/install/four_drive_mecanum_robot_description/lib/python3.10/site-packages:${PYTHONPATH} /usr/bin/python3 -W ignore:setup.py install is deprecated -W ignore:easy_install command is deprecated setup.py develop --editable --build-directory /home/don/four_drive_mecanum_robot/build/four_drive_mecanum_robot_description/build --no-deps symlink_data
[0.779s] running develop
[0.907s] running egg_info
[0.907s] creating four_drive_mecanum_robot_description.egg-info
[0.907s] writing four_drive_mecanum_robot_description.egg-info/PKG-INFO
[0.907s] writing dependency_links to four_drive_mecanum_robot_description.egg-info/dependency_links.txt
[0.907s] writing entry points to four_drive_mecanum_robot_description.egg-info/entry_points.txt
[0.907s] writing requirements to four_drive_mecanum_robot_description.egg-info/requires.txt
[0.907s] writing top-level names to four_drive_mecanum_robot_description.egg-info/top_level.txt
[0.907s] writing manifest file 'four_drive_mecanum_robot_description.egg-info/SOURCES.txt'
[0.909s] reading manifest file 'four_drive_mecanum_robot_description.egg-info/SOURCES.txt'
[0.909s] writing manifest file 'four_drive_mecanum_robot_description.egg-info/SOURCES.txt'
[0.910s] running build_ext
[0.910s] Creating /home/don/four_drive_mecanum_robot/install/four_drive_mecanum_robot_description/lib/python3.10/site-packages/four-drive-mecanum-robot-description.egg-link (link to .)
[0.911s] 
[0.911s] Installed /home/don/four_drive_mecanum_robot/build/four_drive_mecanum_robot_description
[0.911s] running symlink_data
[0.911s] creating /home/don/four_drive_mecanum_robot/install/four_drive_mecanum_robot_description/share/ament_index
[0.911s] creating /home/don/four_drive_mecanum_robot/install/four_drive_mecanum_robot_description/share/ament_index/resource_index
[0.911s] creating /home/don/four_drive_mecanum_robot/install/four_drive_mecanum_robot_description/share/ament_index/resource_index/packages
[0.911s] symbolically linking /home/don/four_drive_mecanum_robot/build/four_drive_mecanum_robot_description/resource/four_drive_mecanum_robot_description -> /home/don/four_drive_mecanum_robot/install/four_drive_mecanum_robot_description/share/ament_index/resource_index/packages
[0.911s] symbolically linking /home/don/four_drive_mecanum_robot/build/four_drive_mecanum_robot_description/package.xml -> /home/don/four_drive_mecanum_robot/install/four_drive_mecanum_robot_description/share/four_drive_mecanum_robot_description
[0.912s] creating /home/don/four_drive_mecanum_robot/install/four_drive_mecanum_robot_description/share/four_drive_mecanum_robot_description/launch
[0.912s] symbolically linking /home/don/four_drive_mecanum_robot/build/four_drive_mecanum_robot_description/launch/bot.launch.py -> /home/don/four_drive_mecanum_robot/install/four_drive_mecanum_robot_description/share/four_drive_mecanum_robot_description/launch
[0.912s] symbolically linking /home/don/four_drive_mecanum_robot/build/four_drive_mecanum_robot_description/launch/gazebo.launch.py -> /home/don/four_drive_mecanum_robot/install/four_drive_mecanum_robot_description/share/four_drive_mecanum_robot_description/launch
[0.912s] symbolically linking /home/don/four_drive_mecanum_robot/build/four_drive_mecanum_robot_description/launch/display.launch.py -> /home/don/four_drive_mecanum_robot/install/four_drive_mecanum_robot_description/share/four_drive_mecanum_robot_description/launch
[0.912s] creating /home/don/four_drive_mecanum_robot/install/four_drive_mecanum_robot_description/share/four_drive_mecanum_robot_description/urdf
[0.912s] symbolically linking /home/don/four_drive_mecanum_robot/build/four_drive_mecanum_robot_description/urdf/ros2_control.xacro -> /home/don/four_drive_mecanum_robot/install/four_drive_mecanum_robot_description/share/four_drive_mecanum_robot_description/urdf
[0.912s] symbolically linking /home/don/four_drive_mecanum_robot/build/four_drive_mecanum_robot_description/urdf/materials.xacro -> /home/don/four_drive_mecanum_robot/install/four_drive_mecanum_robot_description/share/four_drive_mecanum_robot_description/urdf
[0.912s] symbolically linking /home/don/four_drive_mecanum_robot/build/four_drive_mecanum_robot_description/urdf/gazebo.xacro -> /home/don/four_drive_mecanum_robot/install/four_drive_mecanum_robot_description/share/four_drive_mecanum_robot_description/urdf
[0.912s] symbolically linking /home/don/four_drive_mecanum_robot/build/four_drive_mecanum_robot_description/urdf/four_drive_mecanum_robot.xacro -> /home/don/four_drive_mecanum_robot/install/four_drive_mecanum_robot_description/share/four_drive_mecanum_robot_description/urdf
[0.912s] creating /home/don/four_drive_mecanum_robot/install/four_drive_mecanum_robot_description/share/four_drive_mecanum_robot_description/meshes
[0.912s] symbolically linking /home/don/four_drive_mecanum_robot/build/four_drive_mecanum_robot_description/meshes/front_right_wheel.stl -> /home/don/four_drive_mecanum_robot/install/four_drive_mecanum_robot_description/share/four_drive_mecanum_robot_description/meshes
[0.912s] symbolically linking /home/don/four_drive_mecanum_robot/build/four_drive_mecanum_robot_description/meshes/base_link.stl -> /home/don/four_drive_mecanum_robot/install/four_drive_mecanum_robot_description/share/four_drive_mecanum_robot_description/meshes
[0.912s] symbolically linking /home/don/four_drive_mecanum_robot/build/four_drive_mecanum_robot_description/meshes/lidar.stl -> /home/don/four_drive_mecanum_robot/install/four_drive_mecanum_robot_description/share/four_drive_mecanum_robot_description/meshes
[0.912s] symbolically linking /home/don/four_drive_mecanum_robot/build/four_drive_mecanum_robot_description/meshes/front_left_wheel.stl -> /home/don/four_drive_mecanum_robot/install/four_drive_mecanum_robot_description/share/four_drive_mecanum_robot_description/meshes
[0.912s] symbolically linking /home/don/four_drive_mecanum_robot/build/four_drive_mecanum_robot_description/meshes/rear_left_wheel.stl -> /home/don/four_drive_mecanum_robot/install/four_drive_mecanum_robot_description/share/four_drive_mecanum_robot_description/meshes
[0.912s] symbolically linking /home/don/four_drive_mecanum_robot/build/four_drive_mecanum_robot_description/meshes/camera_link.stl -> /home/don/four_drive_mecanum_robot/install/four_drive_mecanum_robot_description/share/four_drive_mecanum_robot_description/meshes
[0.912s] symbolically linking /home/don/four_drive_mecanum_robot/build/four_drive_mecanum_robot_description/meshes/rear_right_wheel.stl -> /home/don/four_drive_mecanum_robot/install/four_drive_mecanum_robot_description/share/four_drive_mecanum_robot_description/meshes
[0.912s] creating /home/don/four_drive_mecanum_robot/install/four_drive_mecanum_robot_description/share/four_drive_mecanum_robot_description/config
[0.913s] symbolically linking /home/don/four_drive_mecanum_robot/build/four_drive_mecanum_robot_description/config/mecanum_controller.yaml -> /home/don/four_drive_mecanum_robot/install/four_drive_mecanum_robot_description/share/four_drive_mecanum_robot_description/config
[0.913s] symbolically linking /home/don/four_drive_mecanum_robot/build/four_drive_mecanum_robot_description/config/display.rviz -> /home/don/four_drive_mecanum_robot/install/four_drive_mecanum_robot_description/share/four_drive_mecanum_robot_description/config
[0.913s] creating /home/don/four_drive_mecanum_robot/install/four_drive_mecanum_robot_description/share/four_drive_mecanum_robot_description/world
[0.913s] symbolically linking /home/don/four_drive_mecanum_robot/build/four_drive_mecanum_robot_description/world/small_textured_office.world -> /home/don/four_drive_mecanum_robot/install/four_drive_mecanum_robot_description/share/four_drive_mecanum_robot_description/world
[0.931s] Invoked command in '/home/don/four_drive_mecanum_robot/build/four_drive_mecanum_robot_description' returned '0': PYTHONPATH=/home/don/four_drive_mecanum_robot/build/four_drive_mecanum_robot_description/prefix_override:/usr/lib/python3/dist-packages/colcon_core/task/python/colcon_distutils_commands:/home/don/four_drive_mecanum_robot/install/four_drive_mecanum_robot_description/lib/python3.10/site-packages:${PYTHONPATH} /usr/bin/python3 -W ignore:setup.py install is deprecated -W ignore:easy_install command is deprecated setup.py develop --editable --build-directory /home/don/four_drive_mecanum_robot/build/four_drive_mecanum_robot_description/build --no-deps symlink_data
